2026-08-21 19:43:33 | ERROR    | finance_bot | Необработанная ошибка в хендлере: Telegram server says - Bad Request: query is too old and response timeout expired or query ID is invalid
Traceback (most recent call last):
  File "C:\Users\Dimon\AppData\Local\Programs\Python\Python312\Lib\site-packages\aiogram\dispatcher\middlewares\error.py", line 27, in __call__
    return await handler(event, data)
           ^^^^^^^^^^^^^^^^^^^^^^^^^^
  File "C:\Users\Dimon\AppData\Local\Programs\Python\Python312\Lib\site-packages\aiogram\dispatcher\middlewares\user_context.py", line 58, in __call__
    return await handler(event, data)
           ^^^^^^^^^^^^^^^^^^^^^^^^^^
  File "C:\Users\Dimon\AppData\Local\Programs\Python\Python312\Lib\site-packages\aiogram\fsm\middleware.py", line 43, in __call__
    return await handler(event, data)
           ^^^^^^^^^^^^^^^^^^^^^^^^^^
  File "C:\Users\Dimon\AppData\Local\Programs\Python\Python312\Lib\site-packages\aiogram\dispatcher\event\telegram.py", line 126, in trigger
    return await wrapped_inner(event, kwargs)
           ^^^^^^^^^^^^^^^^^^^^^^^^^^^^^^^^^^
  File "C:\Users\Dimon\AppData\Local\Programs\Python\Python312\Lib\site-packages\aiogram\dispatcher\event\handler.py", line 71, in call
    return await wrapped()
           ^^^^^^^^^^^^^^^
  File "C:\Users\Dimon\AppData\Local\Programs\Python\Python312\Lib\site-packages\aiogram\dispatcher\dispatcher.py", line 283, in _listen_update
    return await self.propagate_event(update_type=update_type, event=event, **kwargs)
           ^^^^^^^^^^^^^^^^^^^^^^^^^^^^^^^^^^^^^^^^^^^^^^^^^^^^^^^^^^^^^^^^^^^^^^^^^^
  File "C:\Users\Dimon\AppData\Local\Programs\Python\Python312\Lib\site-packages\aiogram\dispatcher\router.py", line 167, in propagate_event
    return await observer.wrap_outer_middleware(_wrapped, event=event, data=kwargs)
           ^^^^^^^^^^^^^^^^^^^^^^^^^^^^^^^^^^^^^^^^^^^^^^^^^^^^^^^^^^^^^^^^^^^^^^^^
  File "C:\Users\Dimon\AppData\Local\Programs\Python\Python312\Lib\site-packages\aiogram\dispatcher\router.py", line 159, in _wrapped
    return await self._propagate_event(
           ^^^^^^^^^^^^^^^^^^^^^^^^^^^^
  File "C:\Users\Dimon\AppData\Local\Programs\Python\Python312\Lib\site-packages\aiogram\dispatcher\router.py", line 195, in _propagate_event
    response = await router.propagate_event(update_type=update_type, event=event, **kwargs)
               ^^^^^^^^^^^^^^^^^^^^^^^^^^^^^^^^^^^^^^^^^^^^^^^^^^^^^^^^^^^^^^^^^^^^^^^^^^^^
  File "C:\Users\Dimon\AppData\Local\Programs\Python\Python312\Lib\site-packages\aiogram\dispatcher\router.py", line 167, in propagate_event
    return await observer.wrap_outer_middleware(_wrapped, event=event, data=kwargs)
           ^^^^^^^^^^^^^^^^^^^^^^^^^^^^^^^^^^^^^^^^^^^^^^^^^^^^^^^^^^^^^^^^^^^^^^^^
  File "C:\Users\Dimon\AppData\Local\Programs\Python\Python312\Lib\site-packages\aiogram\dispatcher\router.py", line 159, in _wrapped
    return await self._propagate_event(
           ^^^^^^^^^^^^^^^^^^^^^^^^^^^^
  File "C:\Users\Dimon\AppData\Local\Programs\Python\Python312\Lib\site-packages\aiogram\dispatcher\router.py", line 195, in _propagate_event
    response = await router.propagate_event(update_type=update_type, event=event, **kwargs)
               ^^^^^^^^^^^^^^^^^^^^^^^^^^^^^^^^^^^^^^^^^^^^^^^^^^^^^^^^^^^^^^^^^^^^^^^^^^^^
  File "C:\Users\Dimon\AppData\Local\Programs\Python\Python312\Lib\site-packages\aiogram\dispatcher\router.py", line 167, in propagate_event
    return await observer.wrap_outer_middleware(_wrapped, event=event, data=kwargs)
           ^^^^^^^^^^^^^^^^^^^^^^^^^^^^^^^^^^^^^^^^^^^^^^^^^^^^^^^^^^^^^^^^^^^^^^^^
  File "C:\Users\Dimon\AppData\Local\Programs\Python\Python312\Lib\site-packages\aiogram\dispatcher\router.py", line 159, in _wrapped
    return await self._propagate_event(
           ^^^^^^^^^^^^^^^^^^^^^^^^^^^^
  File "C:\Users\Dimon\AppData\Local\Programs\Python\Python312\Lib\site-packages\aiogram\dispatcher\router.py", line 187, in _propagate_event
    response = await observer.trigger(event, **kwargs)
               ^^^^^^^^^^^^^^^^^^^^^^^^^^^^^^^^^^^^^^^
  File "C:\Users\Dimon\AppData\Local\Programs\Python\Python312\Lib\site-packages\aiogram\dispatcher\event\telegram.py", line 126, in trigger
    return await wrapped_inner(event, kwargs)
           ^^^^^^^^^^^^^^^^^^^^^^^^^^^^^^^^^^
  File "C:\Users\Dimon\AppData\Local\Programs\Python\Python312\Lib\site-packages\aiogram\dispatcher\event\handler.py", line 71, in call
    return await wrapped()
           ^^^^^^^^^^^^^^^
  File "C:\Users\Dimon\Desktop\My Budget\handlers\limits.py", line 64, in set_category_handler
    await callback.answer()
  File "C:\Users\Dimon\AppData\Local\Programs\Python\Python312\Lib\site-packages\aiogram\methods\base.py", line 82, in emit
    return await bot(self)
           ^^^^^^^^^^^^^^^
  File "C:\Users\Dimon\AppData\Local\Programs\Python\Python312\Lib\site-packages\aiogram\client\bot.py", line 514, in __call__
    return await self.session(self, method, timeout=request_timeout)
           ^^^^^^^^^^^^^^^^^^^^^^^^^^^^^^^^^^^^^^^^^^^^^^^^^^^^^^^^^
  File "C:\Users\Dimon\AppData\Local\Programs\Python\Python312\Lib\site-packages\aiogram\client\session\base.py", line 259, in __call__
    return cast(TelegramType, await middleware(bot, method))
                              ^^^^^^^^^^^^^^^^^^^^^^^^^^^^^
  File "C:\Users\Dimon\AppData\Local\Programs\Python\Python312\Lib\site-packages\aiogram\client\session\aiohttp.py", line 177, in make_request
    response = self.check_response(
               ^^^^^^^^^^^^^^^^^^^^
  File "C:\Users\Dimon\AppData\Local\Programs\Python\Python312\Lib\site-packages\aiogram\client\session\base.py", line 121, in check_response
    raise TelegramBadRequest(method=method, message=description)
aiogram.exceptions.TelegramBadRequest: Telegram server says - Bad Request: query is too old and response timeout expired or query ID is invalid
2026-08-21 19:43:57 | ERROR    | finance_bot | Необработанная ошибка в хендлере: object ReplyKeyboardMarkup can't be used in 'await' expression
Traceback (most recent call last):
  File "C:\Users\Dimon\AppData\Local\Programs\Python\Python312\Lib\site-packages\aiogram\dispatcher\middlewares\error.py", line 27, in __call__
    return await handler(event, data)
           ^^^^^^^^^^^^^^^^^^^^^^^^^^
  File "C:\Users\Dimon\AppData\Local\Programs\Python\Python312\Lib\site-packages\aiogram\dispatcher\middlewares\user_context.py", line 58, in __call__
    return await handler(event, data)
           ^^^^^^^^^^^^^^^^^^^^^^^^^^
  File "C:\Users\Dimon\AppData\Local\Programs\Python\Python312\Lib\site-packages\aiogram\fsm\middleware.py", line 43, in __call__
    return await handler(event, data)
           ^^^^^^^^^^^^^^^^^^^^^^^^^^
  File "C:\Users\Dimon\AppData\Local\Programs\Python\Python312\Lib\site-packages\aiogram\dispatcher\event\telegram.py", line 126, in trigger
    return await wrapped_inner(event, kwargs)
           ^^^^^^^^^^^^^^^^^^^^^^^^^^^^^^^^^^
  File "C:\Users\Dimon\AppData\Local\Programs\Python\Python312\Lib\site-packages\aiogram\dispatcher\event\handler.py", line 71, in call
    return await wrapped()
           ^^^^^^^^^^^^^^^
  File "C:\Users\Dimon\AppData\Local\Programs\Python\Python312\Lib\site-packages\aiogram\dispatcher\dispatcher.py", line 283, in _listen_update
    return await self.propagate_event(update_type=update_type, event=event, **kwargs)
           ^^^^^^^^^^^^^^^^^^^^^^^^^^^^^^^^^^^^^^^^^^^^^^^^^^^^^^^^^^^^^^^^^^^^^^^^^^
  File "C:\Users\Dimon\AppData\Local\Programs\Python\Python312\Lib\site-packages\aiogram\dispatcher\router.py", line 167, in propagate_event
    return await observer.wrap_outer_middleware(_wrapped, event=event, data=kwargs)
           ^^^^^^^^^^^^^^^^^^^^^^^^^^^^^^^^^^^^^^^^^^^^^^^^^^^^^^^^^^^^^^^^^^^^^^^^
  File "C:\Users\Dimon\AppData\Local\Programs\Python\Python312\Lib\site-packages\aiogram\dispatcher\router.py", line 159, in _wrapped
    return await self._propagate_event(
           ^^^^^^^^^^^^^^^^^^^^^^^^^^^^
  File "C:\Users\Dimon\AppData\Local\Programs\Python\Python312\Lib\site-packages\aiogram\dispatcher\router.py", line 195, in _propagate_event
    response = await router.propagate_event(update_type=update_type, event=event, **kwargs)
               ^^^^^^^^^^^^^^^^^^^^^^^^^^^^^^^^^^^^^^^^^^^^^^^^^^^^^^^^^^^^^^^^^^^^^^^^^^^^
  File "C:\Users\Dimon\AppData\Local\Programs\Python\Python312\Lib\site-packages\aiogram\dispatcher\router.py", line 167, in propagate_event
    return await observer.wrap_outer_middleware(_wrapped, event=event, data=kwargs)
           ^^^^^^^^^^^^^^^^^^^^^^^^^^^^^^^^^^^^^^^^^^^^^^^^^^^^^^^^^^^^^^^^^^^^^^^^
  File "C:\Users\Dimon\AppData\Local\Programs\Python\Python312\Lib\site-packages\aiogram\dispatcher\router.py", line 159, in _wrapped
    return await self._propagate_event(
           ^^^^^^^^^^^^^^^^^^^^^^^^^^^^
  File "C:\Users\Dimon\AppData\Local\Programs\Python\Python312\Lib\site-packages\aiogram\dispatcher\router.py", line 195, in _propagate_event
    response = await router.propagate_event(update_type=update_type, event=event, **kwargs)
               ^^^^^^^^^^^^^^^^^^^^^^^^^^^^^^^^^^^^^^^^^^^^^^^^^^^^^^^^^^^^^^^^^^^^^^^^^^^^
  File "C:\Users\Dimon\AppData\Local\Programs\Python\Python312\Lib\site-packages\aiogram\dispatcher\router.py", line 167, in propagate_event
    return await observer.wrap_outer_middleware(_wrapped, event=event, data=kwargs)
           ^^^^^^^^^^^^^^^^^^^^^^^^^^^^^^^^^^^^^^^^^^^^^^^^^^^^^^^^^^^^^^^^^^^^^^^^
  File "C:\Users\Dimon\AppData\Local\Programs\Python\Python312\Lib\site-packages\aiogram\dispatcher\router.py", line 159, in _wrapped
    return await self._propagate_event(
           ^^^^^^^^^^^^^^^^^^^^^^^^^^^^
  File "C:\Users\Dimon\AppData\Local\Programs\Python\Python312\Lib\site-packages\aiogram\dispatcher\router.py", line 187, in _propagate_event
    response = await observer.trigger(event, **kwargs)
               ^^^^^^^^^^^^^^^^^^^^^^^^^^^^^^^^^^^^^^^
  File "C:\Users\Dimon\AppData\Local\Programs\Python\Python312\Lib\site-packages\aiogram\dispatcher\event\telegram.py", line 126, in trigger
    return await wrapped_inner(event, kwargs)
           ^^^^^^^^^^^^^^^^^^^^^^^^^^^^^^^^^^
  File "C:\Users\Dimon\AppData\Local\Programs\Python\Python312\Lib\site-packages\aiogram\dispatcher\event\handler.py", line 71, in call
    return await wrapped()
           ^^^^^^^^^^^^^^^
  File "C:\Users\Dimon\Desktop\My Budget\handlers\limits.py", line 163, in process_limit_handler
    reply_keyboard = await get_main_reply_keyboard() if is_set_category else get_cancel_keyboard()
                     ^^^^^^^^^^^^^^^^^^^^^^^^^^^^^^^
TypeError: object ReplyKeyboardMarkup can't be used in 'await' expression
2026-08-21 19:46:55 | ERROR    | finance_bot | Необработанная ошибка в хендлере: Telegram server says - Bad Request: query is too old and response timeout expired or query ID is invalid
Traceback (most recent call last):
  File "C:\Users\Dimon\AppData\Local\Programs\Python\Python312\Lib\site-packages\aiogram\dispatcher\middlewares\error.py", line 27, in __call__
    return await handler(event, data)
           ^^^^^^^^^^^^^^^^^^^^^^^^^^
  File "C:\Users\Dimon\AppData\Local\Programs\Python\Python312\Lib\site-packages\aiogram\dispatcher\middlewares\user_context.py", line 58, in __call__
    return await handler(event, data)
           ^^^^^^^^^^^^^^^^^^^^^^^^^^
  File "C:\Users\Dimon\AppData\Local\Programs\Python\Python312\Lib\site-packages\aiogram\fsm\middleware.py", line 43, in __call__
    return await handler(event, data)
           ^^^^^^^^^^^^^^^^^^^^^^^^^^
  File "C:\Users\Dimon\AppData\Local\Programs\Python\Python312\Lib\site-packages\aiogram\dispatcher\event\telegram.py", line 126, in trigger
    return await wrapped_inner(event, kwargs)
           ^^^^^^^^^^^^^^^^^^^^^^^^^^^^^^^^^^
  File "C:\Users\Dimon\AppData\Local\Programs\Python\Python312\Lib\site-packages\aiogram\dispatcher\event\handler.py", line 71, in call
    return await wrapped()
           ^^^^^^^^^^^^^^^
  File "C:\Users\Dimon\AppData\Local\Programs\Python\Python312\Lib\site-packages\aiogram\dispatcher\dispatcher.py", line 283, in _listen_update
    return await self.propagate_event(update_type=update_type, event=event, **kwargs)
           ^^^^^^^^^^^^^^^^^^^^^^^^^^^^^^^^^^^^^^^^^^^^^^^^^^^^^^^^^^^^^^^^^^^^^^^^^^
  File "C:\Users\Dimon\AppData\Local\Programs\Python\Python312\Lib\site-packages\aiogram\dispatcher\router.py", line 167, in propagate_event
    return await observer.wrap_outer_middleware(_wrapped, event=event, data=kwargs)
           ^^^^^^^^^^^^^^^^^^^^^^^^^^^^^^^^^^^^^^^^^^^^^^^^^^^^^^^^^^^^^^^^^^^^^^^^
  File "C:\Users\Dimon\AppData\Local\Programs\Python\Python312\Lib\site-packages\aiogram\dispatcher\router.py", line 159, in _wrapped
    return await self._propagate_event(
           ^^^^^^^^^^^^^^^^^^^^^^^^^^^^
  File "C:\Users\Dimon\AppData\Local\Programs\Python\Python312\Lib\site-packages\aiogram\dispatcher\router.py", line 195, in _propagate_event
    response = await router.propagate_event(update_type=update_type, event=event, **kwargs)
               ^^^^^^^^^^^^^^^^^^^^^^^^^^^^^^^^^^^^^^^^^^^^^^^^^^^^^^^^^^^^^^^^^^^^^^^^^^^^
  File "C:\Users\Dimon\AppData\Local\Programs\Python\Python312\Lib\site-packages\aiogram\dispatcher\router.py", line 167, in propagate_event
    return await observer.wrap_outer_middleware(_wrapped, event=event, data=kwargs)
           ^^^^^^^^^^^^^^^^^^^^^^^^^^^^^^^^^^^^^^^^^^^^^^^^^^^^^^^^^^^^^^^^^^^^^^^^
  File "C:\Users\Dimon\AppData\Local\Programs\Python\Python312\Lib\site-packages\aiogram\dispatcher\router.py", line 159, in _wrapped
    return await self._propagate_event(
           ^^^^^^^^^^^^^^^^^^^^^^^^^^^^
  File "C:\Users\Dimon\AppData\Local\Programs\Python\Python312\Lib\site-packages\aiogram\dispatcher\router.py", line 195, in _propagate_event
    response = await router.propagate_event(update_type=update_type, event=event, **kwargs)
               ^^^^^^^^^^^^^^^^^^^^^^^^^^^^^^^^^^^^^^^^^^^^^^^^^^^^^^^^^^^^^^^^^^^^^^^^^^^^
  File "C:\Users\Dimon\AppData\Local\Programs\Python\Python312\Lib\site-packages\aiogram\dispatcher\router.py", line 167, in propagate_event
    return await observer.wrap_outer_middleware(_wrapped, event=event, data=kwargs)
           ^^^^^^^^^^^^^^^^^^^^^^^^^^^^^^^^^^^^^^^^^^^^^^^^^^^^^^^^^^^^^^^^^^^^^^^^
  File "C:\Users\Dimon\AppData\Local\Programs\Python\Python312\Lib\site-packages\aiogram\dispatcher\router.py", line 159, in _wrapped
    return await self._propagate_event(
           ^^^^^^^^^^^^^^^^^^^^^^^^^^^^
  File "C:\Users\Dimon\AppData\Local\Programs\Python\Python312\Lib\site-packages\aiogram\dispatcher\router.py", line 187, in _propagate_event
    response = await observer.trigger(event, **kwargs)
               ^^^^^^^^^^^^^^^^^^^^^^^^^^^^^^^^^^^^^^^
  File "C:\Users\Dimon\AppData\Local\Programs\Python\Python312\Lib\site-packages\aiogram\dispatcher\event\telegram.py", line 126, in trigger
    return await wrapped_inner(event, kwargs)
           ^^^^^^^^^^^^^^^^^^^^^^^^^^^^^^^^^^
  File "C:\Users\Dimon\AppData\Local\Programs\Python\Python312\Lib\site-packages\aiogram\dispatcher\event\handler.py", line 71, in call
    return await wrapped()
           ^^^^^^^^^^^^^^^
  File "C:\Users\Dimon\Desktop\My Budget\handlers\limits.py", line 64, in set_category_handler
    await callback.answer()
  File "C:\Users\Dimon\AppData\Local\Programs\Python\Python312\Lib\site-packages\aiogram\methods\base.py", line 82, in emit
    return await bot(self)
           ^^^^^^^^^^^^^^^
  File "C:\Users\Dimon\AppData\Local\Programs\Python\Python312\Lib\site-packages\aiogram\client\bot.py", line 514, in __call__
    return await self.session(self, method, timeout=request_timeout)
           ^^^^^^^^^^^^^^^^^^^^^^^^^^^^^^^^^^^^^^^^^^^^^^^^^^^^^^^^^
  File "C:\Users\Dimon\AppData\Local\Programs\Python\Python312\Lib\site-packages\aiogram\client\session\base.py", line 259, in __call__
    return cast(TelegramType, await middleware(bot, method))
                              ^^^^^^^^^^^^^^^^^^^^^^^^^^^^^
  File "C:\Users\Dimon\AppData\Local\Programs\Python\Python312\Lib\site-packages\aiogram\client\session\aiohttp.py", line 177, in make_request
    response = self.check_response(
               ^^^^^^^^^^^^^^^^^^^^
  File "C:\Users\Dimon\AppData\Local\Programs\Python\Python312\Lib\site-packages\aiogram\client\session\base.py", line 121, in check_response
    raise TelegramBadRequest(method=method, message=description)
aiogram.exceptions.TelegramBadRequest: Telegram server says - Bad Request: query is too old and response timeout expired or query ID is invalid
2026-08-22 12:54:25 | ERROR    | finance_bot | Ошибка при скачивании трат из Т-Банка (месяц=2026-08-01): Page.goto: Navigation to "https://www.tbank.ru/mybank/api/operations/timeline/public/legacy/v1/operations_histogram?appName=supreme&appVersion=0.0.1&origin=web%2Cib5%2Cplatform&sessionid=PSDRAgoCLVGFYumetjG2QKTSZbsX7FhW.authenticon-f54d47f7b-dkwl2&period=day&start=1785531600000&end=1787392464683&timeZone=%2B03%3A00&config=allNotInner&groupBy=category" is interrupted by another navigation to "https://www.tbank.ru/auth/login/?redirectTo=%2Fmybank%2F"
Call log:
  - navigating to "https://www.tbank.ru/mybank/api/operations/timeline/public/legacy/v1/operations_histogram?appName=supreme&appVersion=0.0.1&origin=web%2Cib5%2Cplatform&sessionid=PSDRAgoCLVGFYumetjG2QKTSZbsX7FhW.authenticon-f54d47f7b-dkwl2&period=day&start=1785531600000&end=1787392464683&timeZone=%2B03%3A00&config=allNotInner&groupBy=category", waiting until "load"
Traceback (most recent call last):
  File "C:\Users\Dimon\Desktop\My Budget\handlers\reports.py", line 548, in download_and_send_report
    spendings = await tbank_client.download_spendings(context, page, month)
                ^^^^^^^^^^^^^^^^^^^^^^^^^^^^^^^^^^^^^^^^^^^^^^^^^^^^^^^^^^^
  File "C:\Users\Dimon\Desktop\My Budget\services\tbank_client.py", line 245, in download_spendings
    await page.goto(api_url)
  File "C:\Users\Dimon\AppData\Local\Programs\Python\Python312\Lib\site-packages\playwright\async_api\_generated.py", line 9869, in goto
    await self._impl_obj.goto(
  File "C:\Users\Dimon\AppData\Local\Programs\Python\Python312\Lib\site-packages\playwright\_impl\_page.py", line 560, in goto
    return await self._main_frame.goto(**locals_to_params(locals()))
           ^^^^^^^^^^^^^^^^^^^^^^^^^^^^^^^^^^^^^^^^^^^^^^^^^^^^^^^^^
  File "C:\Users\Dimon\AppData\Local\Programs\Python\Python312\Lib\site-packages\playwright\_impl\_frame.py", line 156, in goto
    await self._channel.send(
  File "C:\Users\Dimon\AppData\Local\Programs\Python\Python312\Lib\site-packages\playwright\_impl\_connection.py", line 76, in send
    return await self._connection.wrap_api_call(
           ^^^^^^^^^^^^^^^^^^^^^^^^^^^^^^^^^^^^^
  File "C:\Users\Dimon\AppData\Local\Programs\Python\Python312\Lib\site-packages\playwright\_impl\_connection.py", line 632, in wrap_api_call
    raise rewrite_error(error, f"{parsed_st['apiName']}: {error}") from None
playwright._impl._errors.Error: Page.goto: Navigation to "https://www.tbank.ru/mybank/api/operations/timeline/public/legacy/v1/operations_histogram?appName=supreme&appVersion=0.0.1&origin=web%2Cib5%2Cplatform&sessionid=PSDRAgoCLVGFYumetjG2QKTSZbsX7FhW.authenticon-f54d47f7b-dkwl2&period=day&start=1785531600000&end=1787392464683&timeZone=%2B03%3A00&config=allNotInner&groupBy=category" is interrupted by another navigation to "https://www.tbank.ru/auth/login/?redirectTo=%2Fmybank%2F"
Call log:
  - navigating to "https://www.tbank.ru/mybank/api/operations/timeline/public/legacy/v1/operations_histogram?appName=supreme&appVersion=0.0.1&origin=web%2Cib5%2Cplatform&sessionid=PSDRAgoCLVGFYumetjG2QKTSZbsX7FhW.authenticon-f54d47f7b-dkwl2&period=day&start=1785531600000&end=1787392464683&timeZone=%2B03%3A00&config=allNotInner&groupBy=category", waiting until "load"

2026-08-22 12:57:23 | ERROR    | finance_bot | Ошибка при скачивании трат из Т-Банка (месяц=2026-08-01): Page.goto: Target page, context or browser has been closed
Traceback (most recent call last):
  File "C:\Users\Dimon\Desktop\My Budget\handlers\reports.py", line 548, in download_and_send_report
    spendings = await tbank_client.download_spendings(context, page, month)
                ^^^^^^^^^^^^^^^^^^^^^^^^^^^^^^^^^^^^^^^^^^^^^^^^^^^^^^^^^^^
  File "C:\Users\Dimon\Desktop\My Budget\services\tbank_client.py", line 245, in download_spendings
    await page.goto(api_url)
  File "C:\Users\Dimon\AppData\Local\Programs\Python\Python312\Lib\site-packages\playwright\async_api\_generated.py", line 9869, in goto
    await self._impl_obj.goto(
  File "C:\Users\Dimon\AppData\Local\Programs\Python\Python312\Lib\site-packages\playwright\_impl\_page.py", line 560, in goto
    return await self._main_frame.goto(**locals_to_params(locals()))
           ^^^^^^^^^^^^^^^^^^^^^^^^^^^^^^^^^^^^^^^^^^^^^^^^^^^^^^^^^
  File "C:\Users\Dimon\AppData\Local\Programs\Python\Python312\Lib\site-packages\playwright\_impl\_frame.py", line 156, in goto
    await self._channel.send(
  File "C:\Users\Dimon\AppData\Local\Programs\Python\Python312\Lib\site-packages\playwright\_impl\_connection.py", line 76, in send
    return await self._connection.wrap_api_call(
           ^^^^^^^^^^^^^^^^^^^^^^^^^^^^^^^^^^^^^
  File "C:\Users\Dimon\AppData\Local\Programs\Python\Python312\Lib\site-packages\playwright\_impl\_connection.py", line 632, in wrap_api_call
    raise rewrite_error(error, f"{parsed_st['apiName']}: {error}") from None
playwright._impl._errors.TargetClosedError: Page.goto: Target page, context or browser has been closed
2026-08-22 13:30:29 | ERROR    | finance_bot | Необработанная ошибка в хендлере: cannot access local variable 'browser' where it is not associated with a value
Traceback (most recent call last):
  File "C:\Users\Dimon\AppData\Local\Programs\Python\Python312\Lib\site-packages\aiogram\dispatcher\middlewares\error.py", line 27, in __call__
    return await handler(event, data)
           ^^^^^^^^^^^^^^^^^^^^^^^^^^
  File "C:\Users\Dimon\AppData\Local\Programs\Python\Python312\Lib\site-packages\aiogram\dispatcher\middlewares\user_context.py", line 58, in __call__
    return await handler(event, data)
           ^^^^^^^^^^^^^^^^^^^^^^^^^^
  File "C:\Users\Dimon\AppData\Local\Programs\Python\Python312\Lib\site-packages\aiogram\fsm\middleware.py", line 43, in __call__
    return await handler(event, data)
           ^^^^^^^^^^^^^^^^^^^^^^^^^^
  File "C:\Users\Dimon\AppData\Local\Programs\Python\Python312\Lib\site-packages\aiogram\dispatcher\event\telegram.py", line 126, in trigger
    return await wrapped_inner(event, kwargs)
           ^^^^^^^^^^^^^^^^^^^^^^^^^^^^^^^^^^
  File "C:\Users\Dimon\AppData\Local\Programs\Python\Python312\Lib\site-packages\aiogram\dispatcher\event\handler.py", line 71, in call
    return await wrapped()
           ^^^^^^^^^^^^^^^
  File "C:\Users\Dimon\AppData\Local\Programs\Python\Python312\Lib\site-packages\aiogram\dispatcher\dispatcher.py", line 283, in _listen_update
    return await self.propagate_event(update_type=update_type, event=event, **kwargs)
           ^^^^^^^^^^^^^^^^^^^^^^^^^^^^^^^^^^^^^^^^^^^^^^^^^^^^^^^^^^^^^^^^^^^^^^^^^^
  File "C:\Users\Dimon\AppData\Local\Programs\Python\Python312\Lib\site-packages\aiogram\dispatcher\router.py", line 167, in propagate_event
    return await observer.wrap_outer_middleware(_wrapped, event=event, data=kwargs)
           ^^^^^^^^^^^^^^^^^^^^^^^^^^^^^^^^^^^^^^^^^^^^^^^^^^^^^^^^^^^^^^^^^^^^^^^^
  File "C:\Users\Dimon\AppData\Local\Programs\Python\Python312\Lib\site-packages\aiogram\dispatcher\router.py", line 159, in _wrapped
    return await self._propagate_event(
           ^^^^^^^^^^^^^^^^^^^^^^^^^^^^
  File "C:\Users\Dimon\AppData\Local\Programs\Python\Python312\Lib\site-packages\aiogram\dispatcher\router.py", line 195, in _propagate_event
    response = await router.propagate_event(update_type=update_type, event=event, **kwargs)
               ^^^^^^^^^^^^^^^^^^^^^^^^^^^^^^^^^^^^^^^^^^^^^^^^^^^^^^^^^^^^^^^^^^^^^^^^^^^^
  File "C:\Users\Dimon\AppData\Local\Programs\Python\Python312\Lib\site-packages\aiogram\dispatcher\router.py", line 167, in propagate_event
    return await observer.wrap_outer_middleware(_wrapped, event=event, data=kwargs)
           ^^^^^^^^^^^^^^^^^^^^^^^^^^^^^^^^^^^^^^^^^^^^^^^^^^^^^^^^^^^^^^^^^^^^^^^^
  File "C:\Users\Dimon\AppData\Local\Programs\Python\Python312\Lib\site-packages\aiogram\dispatcher\router.py", line 159, in _wrapped
    return await self._propagate_event(
           ^^^^^^^^^^^^^^^^^^^^^^^^^^^^
  File "C:\Users\Dimon\AppData\Local\Programs\Python\Python312\Lib\site-packages\aiogram\dispatcher\router.py", line 195, in _propagate_event
    response = await router.propagate_event(update_type=update_type, event=event, **kwargs)
               ^^^^^^^^^^^^^^^^^^^^^^^^^^^^^^^^^^^^^^^^^^^^^^^^^^^^^^^^^^^^^^^^^^^^^^^^^^^^
  File "C:\Users\Dimon\AppData\Local\Programs\Python\Python312\Lib\site-packages\aiogram\dispatcher\router.py", line 167, in propagate_event
    return await observer.wrap_outer_middleware(_wrapped, event=event, data=kwargs)
           ^^^^^^^^^^^^^^^^^^^^^^^^^^^^^^^^^^^^^^^^^^^^^^^^^^^^^^^^^^^^^^^^^^^^^^^^
  File "C:\Users\Dimon\AppData\Local\Programs\Python\Python312\Lib\site-packages\aiogram\dispatcher\router.py", line 159, in _wrapped
    return await self._propagate_event(
           ^^^^^^^^^^^^^^^^^^^^^^^^^^^^
  File "C:\Users\Dimon\AppData\Local\Programs\Python\Python312\Lib\site-packages\aiogram\dispatcher\router.py", line 187, in _propagate_event
    response = await observer.trigger(event, **kwargs)
               ^^^^^^^^^^^^^^^^^^^^^^^^^^^^^^^^^^^^^^^
  File "C:\Users\Dimon\AppData\Local\Programs\Python\Python312\Lib\site-packages\aiogram\dispatcher\event\telegram.py", line 126, in trigger
    return await wrapped_inner(event, kwargs)
           ^^^^^^^^^^^^^^^^^^^^^^^^^^^^^^^^^^
  File "C:\Users\Dimon\AppData\Local\Programs\Python\Python312\Lib\site-packages\aiogram\dispatcher\event\handler.py", line 71, in call
    return await wrapped()
           ^^^^^^^^^^^^^^^
  File "C:\Users\Dimon\Desktop\My Budget\handlers\reports.py", line 358, in owner_confirm_report_handler
    if browser:
       ^^^^^^^
UnboundLocalError: cannot access local variable 'browser' where it is not associated with a value
2026-08-25 18:12:03 | INFO     | finance_bot | Миграция БД: в таблицу categories добавлена колонка is_protected.
2026-08-25 18:12:03 | INFO     | finance_bot | Миграция БД: в таблицу limits добавлена колонка is_manual.
2026-08-25 18:24:40 | INFO     | finance_bot | recalc_month_limits: лимиты на 2026-08-01 для phone=+79625997492 пересчитаны (отклонение=0).
2026-08-25 18:25:30 | INFO     | finance_bot | recalc_month_limits: лимиты на 2026-08-01 для phone=+79625997492 пересчитаны (отклонение=0).
2026-08-25 18:26:49 | INFO     | finance_bot | recalc_month_limits: лимиты на 2026-08-01 для phone=+79625997492 пересчитаны (отклонение=0).
2026-08-25 18:29:47 | INFO     | finance_bot | Миграция БД: в таблицу categories добавлена колонка is_protected.
2026-08-25 18:29:47 | INFO     | finance_bot | Миграция БД: в таблицу limits добавлена колонка is_manual.
2026-08-25 18:39:01 | INFO     | finance_bot | recalc_month_limits: лимиты на 2026-08-01 для phone=+79625997492 пересчитаны (отклонение=0).
2026-08-29 08:19:51 | WARNING  | finance_bot | USE_VIRTUAL_DISPLAY=true, но Xvfb - линуксовая технология (X11), на Windows её нет и быть не может. Пропускаем запуск виртуального дисплея, бот продолжит работу в обычном режиме. Для локального теста на Windows отключите USE_VIRTUAL_DISPLAY (или уберите его из .env) и выставьте BROWSER_HEADLESS=false - Playwright откроет обычное видимое окно браузера на вашем рабочем столе.
2026-08-29 10:21:22 | ERROR    | finance_bot | Критическая ошибка, бот остановлен: invalid literal for int() with base 10: 'admin'
Traceback (most recent call last):
  File "C:\Users\Dimon\Desktop\My Budget Pro\main.py", line 94, in main
    await init_db()
  File "C:\Users\Dimon\Desktop\My Budget Pro\database.py", line 35, in init_db
    pool = await get_pool()
           ^^^^^^^^^^^^^^^^
  File "C:\Users\Dimon\Desktop\My Budget Pro\database.py", line 22, in get_pool
    _pool = await asyncpg.create_pool(DATABASE_URL)
            ^^^^^^^^^^^^^^^^^^^^^^^^^^^^^^^^^^^^^^^
  File "C:\Users\Dimon\Desktop\My Budget Pro\env\Lib\site-packages\asyncpg\pool.py", line 439, in _async__init__
    await self._initialize()
  File "C:\Users\Dimon\Desktop\My Budget Pro\env\Lib\site-packages\asyncpg\pool.py", line 466, in _initialize
    await first_ch.connect()
  File "C:\Users\Dimon\Desktop\My Budget Pro\env\Lib\site-packages\asyncpg\pool.py", line 153, in connect
    self._con = await self._pool._get_new_connection()
                ^^^^^^^^^^^^^^^^^^^^^^^^^^^^^^^^^^^^^^
  File "C:\Users\Dimon\Desktop\My Budget Pro\env\Lib\site-packages\asyncpg\pool.py", line 538, in _get_new_connection
    con = await self._connect(
          ^^^^^^^^^^^^^^^^^^^^
  File "C:\Users\Dimon\Desktop\My Budget Pro\env\Lib\site-packages\asyncpg\connection.py", line 2443, in connect
    return await connect_utils._connect(
           ^^^^^^^^^^^^^^^^^^^^^^^^^^^^^
  File "C:\Users\Dimon\Desktop\My Budget Pro\env\Lib\site-packages\asyncpg\connect_utils.py", line 1209, in _connect
    addrs, params, config = _parse_connect_arguments(**kwargs)
                            ^^^^^^^^^^^^^^^^^^^^^^^^^^^^^^^^^^
  File "C:\Users\Dimon\Desktop\My Budget Pro\env\Lib\site-packages\asyncpg\connect_utils.py", line 893, in _parse_connect_arguments
    addrs, params = _parse_connect_dsn_and_args(
                    ^^^^^^^^^^^^^^^^^^^^^^^^^^^^
  File "C:\Users\Dimon\Desktop\My Budget Pro\env\Lib\site-packages\asyncpg\connect_utils.py", line 337, in _parse_connect_dsn_and_args
    host, port = _parse_hostlist(dsn_hostspec, port, unquote=True)
                 ^^^^^^^^^^^^^^^^^^^^^^^^^^^^^^^^^^^^^^^^^^^^^^^^^
  File "C:\Users\Dimon\Desktop\My Budget Pro\env\Lib\site-packages\asyncpg\connect_utils.py", line 244, in _parse_hostlist
    hostlist_ports.append(int(hostspec_port))
                          ^^^^^^^^^^^^^^^^^^
ValueError: invalid literal for int() with base 10: 'admin'
2026-08-29 10:23:27 | ERROR    | finance_bot | Критическая ошибка, бот остановлен: invalid literal for int() with base 10: 'admin'
Traceback (most recent call last):
  File "C:\Users\Dimon\Desktop\My Budget Pro\main.py", line 94, in main
    await init_db()
  File "C:\Users\Dimon\Desktop\My Budget Pro\database.py", line 35, in init_db
    pool = await get_pool()
           ^^^^^^^^^^^^^^^^
  File "C:\Users\Dimon\Desktop\My Budget Pro\database.py", line 22, in get_pool
    _pool = await asyncpg.create_pool(DATABASE_URL)
            ^^^^^^^^^^^^^^^^^^^^^^^^^^^^^^^^^^^^^^^
  File "C:\Users\Dimon\Desktop\My Budget Pro\env\Lib\site-packages\asyncpg\pool.py", line 439, in _async__init__
    await self._initialize()
  File "C:\Users\Dimon\Desktop\My Budget Pro\env\Lib\site-packages\asyncpg\pool.py", line 466, in _initialize
    await first_ch.connect()
  File "C:\Users\Dimon\Desktop\My Budget Pro\env\Lib\site-packages\asyncpg\pool.py", line 153, in connect
    self._con = await self._pool._get_new_connection()
                ^^^^^^^^^^^^^^^^^^^^^^^^^^^^^^^^^^^^^^
  File "C:\Users\Dimon\Desktop\My Budget Pro\env\Lib\site-packages\asyncpg\pool.py", line 538, in _get_new_connection
    con = await self._connect(
          ^^^^^^^^^^^^^^^^^^^^
  File "C:\Users\Dimon\Desktop\My Budget Pro\env\Lib\site-packages\asyncpg\connection.py", line 2443, in connect
    return await connect_utils._connect(
           ^^^^^^^^^^^^^^^^^^^^^^^^^^^^^
  File "C:\Users\Dimon\Desktop\My Budget Pro\env\Lib\site-packages\asyncpg\connect_utils.py", line 1209, in _connect
    addrs, params, config = _parse_connect_arguments(**kwargs)
                            ^^^^^^^^^^^^^^^^^^^^^^^^^^^^^^^^^^
  File "C:\Users\Dimon\Desktop\My Budget Pro\env\Lib\site-packages\asyncpg\connect_utils.py", line 893, in _parse_connect_arguments
    addrs, params = _parse_connect_dsn_and_args(
                    ^^^^^^^^^^^^^^^^^^^^^^^^^^^^
  File "C:\Users\Dimon\Desktop\My Budget Pro\env\Lib\site-packages\asyncpg\connect_utils.py", line 337, in _parse_connect_dsn_and_args
    host, port = _parse_hostlist(dsn_hostspec, port, unquote=True)
                 ^^^^^^^^^^^^^^^^^^^^^^^^^^^^^^^^^^^^^^^^^^^^^^^^^
  File "C:\Users\Dimon\Desktop\My Budget Pro\env\Lib\site-packages\asyncpg\connect_utils.py", line 244, in _parse_hostlist
    hostlist_ports.append(int(hostspec_port))
                          ^^^^^^^^^^^^^^^^^^
ValueError: invalid literal for int() with base 10: 'admin'
2026-08-29 10:26:44 | WARNING  | finance_bot | show_account_info: нет данных пользователя user_id=382052440
2026-08-29 10:45:05 | INFO     | finance_bot | recalc_month_limits: лимиты на 2026-08-01 для phone=+79625997492 пересчитаны (отклонение=0).
2026-08-29 10:46:41 | INFO     | finance_bot | recalc_month_limits: лимиты на 2026-08-01 для phone=+79625997492 пересчитаны (отклонение=168913).
2026-08-29 10:47:15 | INFO     | finance_bot | recalc_month_limits: лимиты на 2026-08-01 для phone=+79625997492 пересчитаны (отклонение=168913).
2026-08-29 11:00:39 | INFO     | finance_bot | recalc_month_limits: лимиты на 2026-07-01 для phone=+79625997492 пересчитаны (отклонение=0).
2026-08-29 11:11:46 | INFO     | finance_bot | recalc_month_limits: лимиты на 2026-07-01 для phone=+79625997492 пересчитаны (отклонение=0).
2026-08-29 11:12:08 | INFO     | finance_bot | recalc_month_limits: лимиты на 2026-08-01 для phone=+79625997492 пересчитаны (отклонение=-109005).
2026-08-29 11:14:58 | INFO     | finance_bot | recalc_month_limits: лимиты на 2026-08-01 для phone=+79625997492 пересчитаны (отклонение=-109005).
2026-08-29 11:56:04 | INFO     | finance_bot | recalc_month_limits: лимиты на 2026-08-01 для phone=+79625997492 пересчитаны (отклонение=-109005).
2026-08-29 12:02:28 | INFO     | finance_bot | recalc_month_limits: лимиты на 2026-08-01 для phone=+79625997492 пересчитаны (отклонение=-109005).
